// Jest Snapshot v1, https://goo.gl/fbAQLP

exports[`ResetPassword render 1`] = `
<div>
  <div
    class="layout"
  >
    <div
      class="cardColumn"
    >
      <div
        class="card"
      >
        <div
          class="signin"
        >
          <div
            class="header"
          >
            <img
              alt="Harness"
              class="logo"
              src="test-file-stub"
              width="120"
            />
            <div
              style="flex: 1;"
            />
            <a
              href="/signin"
            >
              <span
                class="text"
              >
                <img
                  class="icon"
                  height="16"
                  src="test-file-stub"
                  width="16"
                />
                Sign in
              </span>
            </a>
          </div>
          <div
            class="title"
          >
            Reset password
          </div>
          <div
            class="subtitle"
          />
          <form
            class="layout-vertical spacing-medium"
          >
            <div
              class="layout-vertical spacing-small field"
            >
              <label>
                Password
              </label>
              <div
                class="pwd"
              >
                <input
                  class="pwdInput"
                  id="password"
                  name="password"
                  type="password"
                  value=""
                />
                <img
                  class="pwdIcon"
                  height="25"
                  src="test-file-stub"
                  width="25"
                />
              </div>
            </div>
            <div
              class="layout-vertical spacing-small field"
            >
              <label>
                Confirm password
              </label>
              <div
                class="pwd"
              >
                <input
                  class="pwdInput"
                  id="confirmPassword"
                  name="confirmPassword"
                  type="password"
                  value=""
                />
                <img
                  class="pwdIcon"
                  height="25"
                  src="test-file-stub"
                  width="25"
                />
              </div>
            </div>
            <input
              class="button primary"
              type="submit"
              value="Reset password"
            />
          </form>
        </div>
      </div>
    </div>
    <div
      class="imageColumn"
      style="background: url(test-file-stub) repeat;"
    >
      <img
        alt=""
        aria-hidden="true"
        class="foreground"
        src="test-file-stub"
      />
    </div>
  </div>
</div>
`;
