// Jest Snapshot v1, https://goo.gl/fbAQLP

exports[`SignIn render 1`] = `
<div>
  <div
    class="layout"
  >
    <div
      class="cardColumn"
    >
      <div
        class="card"
      >
        <div
          class="signin"
        >
          <div
            class="header"
          >
            <img
              alt="Harness"
              class="logo"
              src="test-file-stub"
              width="120"
            />
          </div>
          <div
            class="title"
          >
            Sign in
          </div>
          <div
            class="subtitle"
          >
            and get ship done.
          </div>
          <form
            class="layout-vertical spacing-medium"
          >
            <div
              class="layout-vertical spacing-small field"
            >
              <label>
                Email
              </label>
              <input
                class=""
                id="email"
                name="email"
                placeholder="email@work.com"
                type="email"
                value=""
              />
            </div>
            <div
              class="layout-vertical spacing-small"
              style="position: relative;"
            >
              <label
                for="password"
              >
                Password
              </label>
              <a
                class="forgotLink"
                href="/forgot-password"
                tabindex="-1"
              >
                Forgot password?
              </a>
              <div
                class="layout-vertical spacing-small field"
              >
                <div
                  class="pwd"
                >
                  <input
                    class="pwdInput"
                    id="password"
                    name="password"
                    type="password"
                    value=""
                  />
                  <img
                    class="pwdIcon"
                    height="25"
                    src="test-file-stub"
                    width="25"
                  />
                </div>
              </div>
            </div>
            <input
              class="button primary"
              type="submit"
              value="Sign in"
            />
          </form>
          <h2
            class="lineMessage"
          >
            <span
              class="message"
            >
              or login with
            </span>
          </h2>
          <div
            class="layout-horizontal spacing-auto oAuthIcons"
          >
            <a
              class="iconContainer"
              href="http://localhost/gateway/api/users/oauth2Redirect?provider=github"
            >
              <img
                class="icon"
                height="24"
                src="test-file-stub"
                width="24"
              />
               
              
            </a>
            <a
              class="iconContainer"
              href="http://localhost/gateway/api/users/oauth2Redirect?provider=bitbucket"
            >
              <img
                class="icon"
                height="24"
                src="test-file-stub"
                width="24"
              />
               
              
            </a>
            <a
              class="iconContainer"
              href="http://localhost/gateway/api/users/oauth2Redirect?provider=gitlab"
            >
              <img
                class="icon"
                height="24"
                src="test-file-stub"
                width="24"
              />
               
              
            </a>
            <a
              class="iconContainer"
              href="http://localhost/gateway/api/users/oauth2Redirect?provider=linkedin"
            >
              <img
                class="icon"
                height="24"
                src="test-file-stub"
                width="24"
              />
               
              
            </a>
            <a
              class="iconContainer"
              href="http://localhost/gateway/api/users/oauth2Redirect?provider=google"
            >
              <img
                class="icon"
                height="24"
                src="test-file-stub"
                width="24"
              />
               
              
            </a>
            <a
              class="iconContainer"
              href="http://localhost/gateway/api/users/oauth2Redirect?provider=azure"
            >
              <img
                class="icon"
                height="24"
                src="test-file-stub"
                width="24"
              />
               
              
            </a>
          </div>
          <button
            class="button ssoButton"
          >
            <span
              class="text"
            >
              <img
                class="icon"
                height="24"
                src="test-file-stub"
                width="24"
              />
              Single sign-on
            </span>
          </button>
          <div
            class="footer"
          >
            No account?
             
            <a
              href="/signup"
            >
              Sign up
            </a>
          </div>
        </div>
      </div>
    </div>
    <div
      class="imageColumn"
      style="background: url(test-file-stub) repeat;"
    >
      <img
        alt=""
        aria-hidden="true"
        class="foreground"
        src="test-file-stub"
      />
    </div>
  </div>
</div>
`;
